// Jest Snapshot v1, https://goo.gl/fbAQLP

exports[`Prueba en <PrimerApp /> Debe de mostrar <PrimerApp />  1`] = `
<Fragment>
  <h1>
    Hola, soy Goku
  </h1>
  <p>
    Soy un subtitulo
  </p>
</Fragment>
`;
